STATE,60,0,0,0
STATE,70,0,1,0
FETCH,120,0,29168
STATE,150,0,2,0
STATE,160,0,3,0
STATE,170,0,4,0
READ,230,0,0,2
READ,230,1,1,5
READ,320,0,2,3
READ,320,1,3,7
STATE,360,0,5,0
STATE,370,0,6,0
COMMIT,376,0,3,0,1,0,7
COMMIT,376,0,2,0,1,0,3
COMMIT,376,0,1,0,1,0,5
COMMIT,376,0,0,0,1,0,2
STATE,380,0,1,1
FETCH,430,1,37440
STATE,460,0,2,1
STATE,470,0,3,1
STATE,480,0,4,1
STATE,490,0,5,1
STATE,500,0,6,1
COMMIT,506,0,3,1,2,0,64
COMMIT,506,0,2,1,2,0,64
COMMIT,506,0,1,1,2,0,64
COMMIT,506,0,0,1,2,0,64
STATE,510,0,1,2
FETCH,560,2,12847
STATE,590,0,2,2
STATE,600,0,3,2
STATE,610,0,4,2
STATE,620,0,5,2
STATE,630,0,6,2
COMMIT,636,0,3,2,2,64,67
COMMIT,636,0,2,2,2,64,66
COMMIT,636,0,1,2,2,64,65
COMMIT,636,0,0,2,2,64,64
STATE,640,0,1,3
FETCH,690,3,29472
STATE,720,0,2,3
STATE,730,0,3,3
STATE,740,0,4,3
READ,800,0,64,4
READ,800,1,65,1
READ,890,0,66,6
READ,890,1,67,2
STATE,930,0,5,3
STATE,940,0,6,3
COMMIT,946,0,3,3,3,0,2
COMMIT,946,0,2,3,3,0,6
COMMIT,946,0,1,3,3,0,1
COMMIT,946,0,0,3,3,0,4
STATE,950,0,1,4
FETCH,1000,4,13331
STATE,1030,0,2,4
STATE,1040,0,3,4
STATE,1050,0,4,4
STATE,1060,0,5,4
STATE,1070,0,6,4
COMMIT,1076,0,3,4,4,0,9
COMMIT,1076,0,2,4,4,0,9
COMMIT,1076,0,1,4,4,0,6
COMMIT,1076,0,0,4,4,0,6
STATE,1080,0,1,5
FETCH,1130,5,38272
STATE,1160,0,2,5
STATE,1170,0,3,5
STATE,1180,0,4,5
STATE,1190,0,5,5
STATE,1200,0,6,5
COMMIT,1206,0,3,5,5,0,128
COMMIT,1206,0,2,5,5,0,128
COMMIT,1206,0,1,5,5,0,128
COMMIT,1206,0,0,5,5,0,128
STATE,1210,0,1,6
FETCH,1260,6,13663
STATE,1290,0,2,6
STATE,1300,0,3,6
STATE,1310,0,4,6
STATE,1320,0,5,6
STATE,1330,0,6,6
COMMIT,1336,0,3,6,5,128,131
COMMIT,1336,0,2,6,5,128,130
COMMIT,1336,0,1,6,5,128,129
COMMIT,1336,0,0,6,5,128,128
STATE,1340,0,1,7
FETCH,1390,7,32852
STATE,1420,0,2,7
STATE,1430,0,3,7
STATE,1440,0,4,7
WRITE,1500,0,128,6
WRITE,1500,1,129,6
WRITE,1590,0,130,9
WRITE,1590,1,131,9
STATE,1630,0,5,7
STATE,1640,0,6,7
STATE,1650,0,1,8
FETCH,1700,8,61440
STATE,1730,0,2,8
STATE,1740,0,3,8
STATE,1750,0,4,8
STATE,1760,0,5,8
STATE,1770,0,6,8
STATE,1780,0,7,8
DONE,1800,175
OUTPUT,128,6
OUTPUT,129,6
OUTPUT,130,9
OUTPUT,131,9
- hardware/validation/kernel_trace_tb.sv:71: Verilog $finish
- S i m u l a t i o n   R e p o r t: Verilator 5.052 2026-09-05
- Verilator: $finish at 2us; walltime 0.002 s; speed 980.926 us/s
- Verilator: cpu 0.002 s on 1 threads; allocated 1 MB
