STATE,60,0,0,0
STATE,70,0,1,0
FETCH,100,0,29168
STATE,130,0,2,0
STATE,140,0,3,0
STATE,150,0,4,0
READ,190,0,0,255
READ,190,1,1,128
READ,260,0,2,0
READ,260,1,3,200
STATE,300,0,5,0
STATE,310,0,6,0
COMMIT,316,0,3,0,1,0,200
COMMIT,316,0,2,0,1,0,0
COMMIT,316,0,1,0,1,0,128
COMMIT,316,0,0,0,1,0,255
STATE,320,0,1,1
FETCH,350,1,37440
STATE,380,0,2,1
STATE,390,0,3,1
STATE,400,0,4,1
STATE,410,0,5,1
STATE,420,0,6,1
COMMIT,426,0,3,1,2,0,64
COMMIT,426,0,2,1,2,0,64
COMMIT,426,0,1,1,2,0,64
COMMIT,426,0,0,1,2,0,64
STATE,430,0,1,2
FETCH,460,2,12847
STATE,490,0,2,2
STATE,500,0,3,2
STATE,510,0,4,2
STATE,520,0,5,2
STATE,530,0,6,2
COMMIT,536,0,3,2,2,64,67
COMMIT,536,0,2,2,2,64,66
COMMIT,536,0,1,2,2,64,65
COMMIT,536,0,0,2,2,64,64
STATE,540,0,1,3
FETCH,570,3,29472
STATE,600,0,2,3
STATE,610,0,3,3
STATE,620,0,4,3
READ,660,0,64,1
READ,660,1,65,128
READ,730,0,66,255
READ,730,1,67,100
STATE,770,0,5,3
STATE,780,0,6,3
COMMIT,786,0,3,3,3,0,100
COMMIT,786,0,2,3,3,0,255
COMMIT,786,0,1,3,3,0,128
COMMIT,786,0,0,3,3,0,1
STATE,790,0,1,4
FETCH,820,4,13331
STATE,850,0,2,4
STATE,860,0,3,4
STATE,870,0,4,4
STATE,880,0,5,4
STATE,890,0,6,4
COMMIT,896,0,3,4,4,0,44
COMMIT,896,0,2,4,4,0,255
COMMIT,896,0,1,4,4,0,0
COMMIT,896,0,0,4,4,0,0
STATE,900,0,1,5
FETCH,930,5,38272
STATE,960,0,2,5
STATE,970,0,3,5
STATE,980,0,4,5
STATE,990,0,5,5
STATE,1000,0,6,5
COMMIT,1006,0,3,5,5,0,128
COMMIT,1006,0,2,5,5,0,128
COMMIT,1006,0,1,5,5,0,128
COMMIT,1006,0,0,5,5,0,128
STATE,1010,0,1,6
FETCH,1040,6,13663
STATE,1070,0,2,6
STATE,1080,0,3,6
STATE,1090,0,4,6
STATE,1100,0,5,6
STATE,1110,0,6,6
COMMIT,1116,0,3,6,5,128,131
COMMIT,1116,0,2,6,5,128,130
COMMIT,1116,0,1,6,5,128,129
COMMIT,1116,0,0,6,5,128,128
STATE,1120,0,1,7
FETCH,1150,7,32852
STATE,1180,0,2,7
STATE,1190,0,3,7
STATE,1200,0,4,7
WRITE,1240,0,128,0
WRITE,1240,1,129,0
WRITE,1310,0,130,255
WRITE,1310,1,131,44
STATE,1350,0,5,7
STATE,1360,0,6,7
STATE,1370,0,1,8
FETCH,1400,8,61440
STATE,1430,0,2,8
STATE,1440,0,3,8
STATE,1450,0,4,8
STATE,1460,0,5,8
STATE,1470,0,6,8
STATE,1480,0,7,8
DONE,1500,145
OUTPUT,128,0
OUTPUT,129,0
OUTPUT,130,255
OUTPUT,131,44
- hardware/validation/kernel_trace_tb.sv:71: Verilog $finish
- S i m u l a t i o n   R e p o r t: Verilator 5.052 2026-09-05
- Verilator: $finish at 2us; walltime 0.002 s; speed 859.107 us/s
- Verilator: cpu 0.002 s on 1 threads; allocated 1 MB
